******************************************************************************
                  TI ARM Linker PC v16.9.1                     
******************************************************************************
>> Linked Sun Apr 30 20:46:56 2017

OUTPUT FILE NAME:   <Base_System0.out>
ENTRY POINT SYMBOL: "_c_int00"  address: 0000037d


MEMORY CONFIGURATION

         name            origin    length      used     unused   attr    fill
----------------------  --------  ---------  --------  --------  ----  --------
  FLASH                 00000000   00100000  000004e6  000ffb1a  R  X
  SRAM                  20000000   00040000  00000218  0003fde8  RW X


SEGMENT ALLOCATION MAP

run origin  load origin   length   init length attrs members
----------  ----------- ---------- ----------- ----- -------
00000000    00000000    000004ec   000004ec    r-x
  00000000    00000000    00000208   00000208    r-- .intvecs
  00000208    00000208    000002ba   000002ba    r-x .text
  000004c8    000004c8    00000024   00000024    r-- .cinit
20000000    20000000    00000218   00000000    rw-
  20000000    20000000    00000200   00000000    rw- .stack
  20000200    20000200    00000018   00000000    rw- .data


SECTION ALLOCATION MAP

 output                                  attributes/
section   page    origin      length       input sections
--------  ----  ----------  ----------   ----------------
.intvecs   0    00000000    00000208     
                  00000000    00000208     tm4c1294ncpdt_startup_ccs.obj (.intvecs)

.text      0    00000208    000002ba     
                  00000208    0000009c     rtsv7M4_T_le_v4SPD16_eabi.lib : memcpy_t2.obj (.text)
                  000002a4    00000070                                   : autoinit.obj (.text)
                  00000314    00000068                                   : copy_decompress_lzss.obj (.text:decompress:lzss)
                  0000037c    00000054                                   : boot.obj (.text)
                  000003d0    00000054                                   : exit.obj (.text)
                  00000424    0000004c                                   : cpy_tbl.obj (.text)
                  00000470    00000018                                   : args_main.obj (.text)
                  00000488    00000014                                   : _lock.obj (.text)
                  0000049c    0000000e                                   : copy_decompress_none.obj (.text:decompress:none)
                  000004aa    0000000c     tm4c1294ncpdt_startup_ccs.obj (.text)
                  000004b6    00000004     main.obj (.text)
                  000004ba    00000004     rtsv7M4_T_le_v4SPD16_eabi.lib : pre_init.obj (.text)
                  000004be    00000002                                   : mpu_init.obj (.text)
                  000004c0    00000002                                   : startup.obj (.text)

.cinit     0    000004c8    00000024     
                  000004c8    00000011     (.cinit..data.load) [load image, compression = lzss]
                  000004d9    00000003     --HOLE-- [fill = 0]
                  000004dc    00000008     (__TI_handler_table)
                  000004e4    00000008     (__TI_cinit_table)

.init_array 
*          0    00000000    00000000     UNINITIALIZED

.stack     0    20000000    00000200     UNINITIALIZED
                  20000000    00000200     --HOLE--

.data      0    20000200    00000018     UNINITIALIZED
                  20000200    0000000c     rtsv7M4_T_le_v4SPD16_eabi.lib : exit.obj (.data:$O1$$)
                  2000020c    00000008                                   : _lock.obj (.data:$O1$$)
                  20000214    00000004                                   : stkdepth_vars.obj (.data)

MODULE SUMMARY

       Module                          code   ro data   rw data
       ------                          ----   -------   -------
    .\
       tm4c1294ncpdt_startup_ccs.obj   12     520       0      
       main.obj                        4      0         0      
    +--+-------------------------------+------+---------+---------+
       Total:                          16     520       0      
                                                               
    C:\Programming\Ti\IDE\CCSv7\ccsv7\tools\compiler\ti-cgt-arm_16.9.1.LTS\lib\rtsv7M4_T_le_v4SPD16_eabi.lib
       memcpy_t2.obj                   156    0         0      
       autoinit.obj                    112    0         0      
       copy_decompress_lzss.obj        104    0         0      
       exit.obj                        84     0         12     
       boot.obj                        84     0         0      
       cpy_tbl.obj                     76     0         0      
       _lock.obj                       20     0         8      
       args_main.obj                   24     0         0      
       copy_decompress_none.obj        14     0         0      
       pre_init.obj                    4      0         0      
       stkdepth_vars.obj               0      0         4      
       mpu_init.obj                    2      0         0      
       startup.obj                     2      0         0      
    +--+-------------------------------+------+---------+---------+
       Total:                          682    0         24     
                                                               
       Stack:                          0      0         512    
       Linker Generated:               0      33        0      
    +--+-------------------------------+------+---------+---------+
       Grand Total:                    698    553       536    


LINKER GENERATED COPY TABLES

__TI_cinit_table @ 000004e4 records: 1, size/record: 8, table size: 8
	.data: load addr=000004c8, load size=00000011 bytes, run addr=20000200, run size=00000018 bytes, compression=lzss


LINKER GENERATED HANDLER TABLE

__TI_handler_table @ 000004dc records: 2, size/record: 4, table size: 8
	index: 0, handler: __TI_decompress_lzss
	index: 1, handler: __TI_decompress_none


GLOBAL SYMBOLS: SORTED ALPHABETICALLY BY Name 

address   name                           
-------   ----                           
000003d1  C$$EXIT                        
000004ab  ResetISR                       
UNDEFED   SHT$$INIT_ARRAY$$Base          
UNDEFED   SHT$$INIT_ARRAY$$Limit         
20000200  __STACK_END                    
00000200  __STACK_SIZE                   
20000200  __STACK_TOP                    
000004e4  __TI_CINIT_Base                
000004ec  __TI_CINIT_Limit               
000004dc  __TI_Handler_Table_Base        
000004e4  __TI_Handler_Table_Limit       
000002a5  __TI_auto_init                 
20000200  __TI_cleanup_ptr               
00000315  __TI_decompress_lzss           
0000049d  __TI_decompress_none           
20000204  __TI_dtors_ptr                 
20000208  __TI_enable_exit_profile_output
ffffffff  __TI_pprof_out_hndl            
ffffffff  __TI_prof_data_size            
ffffffff  __TI_prof_data_start           
00000000  __TI_static_base__             
00000209  __aeabi_memcpy                 
00000209  __aeabi_memcpy4                
00000209  __aeabi_memcpy8                
ffffffff  __binit__                      
ffffffff  __c_args__                     
000004bf  __mpu_init                     
20000000  __stack                        
00000471  _args_main                     
0000037d  _c_int00                       
2000020c  _lock                          
00000497  _nop                           
0000048f  _register_lock                 
00000489  _register_unlock               
000004c1  _system_post_cinit             
000004bb  _system_pre_init               
20000210  _unlock                        
000003d5  abort                          
ffffffff  binit                          
00000425  copy_in                        
000003dd  exit                           
00000000  g_pfnVectors                   
000004b7  main                           
20000214  main_func_sp                   
00000209  memcpy                         


GLOBAL SYMBOLS: SORTED BY Symbol Address 

address   name                           
-------   ----                           
00000000  __TI_static_base__             
00000000  g_pfnVectors                   
00000200  __STACK_SIZE                   
00000209  __aeabi_memcpy                 
00000209  __aeabi_memcpy4                
00000209  __aeabi_memcpy8                
00000209  memcpy                         
000002a5  __TI_auto_init                 
00000315  __TI_decompress_lzss           
0000037d  _c_int00                       
000003d1  C$$EXIT                        
000003d5  abort                          
000003dd  exit                           
00000425  copy_in                        
00000471  _args_main                     
00000489  _register_unlock               
0000048f  _register_lock                 
00000497  _nop                           
0000049d  __TI_decompress_none           
000004ab  ResetISR                       
000004b7  main                           
000004bb  _system_pre_init               
000004bf  __mpu_init                     
000004c1  _system_post_cinit             
000004dc  __TI_Handler_Table_Base        
000004e4  __TI_CINIT_Base                
000004e4  __TI_Handler_Table_Limit       
000004ec  __TI_CINIT_Limit               
20000000  __stack                        
20000200  __STACK_END                    
20000200  __STACK_TOP                    
20000200  __TI_cleanup_ptr               
20000204  __TI_dtors_ptr                 
20000208  __TI_enable_exit_profile_output
2000020c  _lock                          
20000210  _unlock                        
20000214  main_func_sp                   
ffffffff  __TI_pprof_out_hndl            
ffffffff  __TI_prof_data_size            
ffffffff  __TI_prof_data_start           
ffffffff  __binit__                      
ffffffff  __c_args__                     
ffffffff  binit                          
UNDEFED   SHT$$INIT_ARRAY$$Base          
UNDEFED   SHT$$INIT_ARRAY$$Limit         

[45 symbols]
